// Jest Snapshot v1, https://goo.gl/fbAQLP

exports[`Form should match the snapshot 1`] = `
<section>
  <input
    className="name"
    name="name"
    onChange={[Function]}
    placeholder="Name"
    type="text"
    value=""
  />
  <input
    className="date"
    name="date"
    onChange={[Function]}
    placeholder="Date"
    type="date"
    value=""
  />
  <input
    className="time"
    name="time"
    onChange={[Function]}
    placeholder="Time"
    type="text"
    value=""
  />
  <input
    className="guests"
    name="number"
    onChange={[Function]}
    placeholder="Number of Guests"
    type="number"
    value={0}
  />
  <button
    onClick={[Function]}
  >
    Make Reservations
  </button>
</section>
`;
